## Codebase Patterns

- Read `AGENTS.md` at the repo root first; it covers the three
  applications, the two typecheck configurations, and the test entries.
  Directory-level `AGENTS.md` files exist for `example-shared/` and
  `example-realistic-demo/`.
- Tests register themselves as a side effect and are invisible until
  imported from `test/matrix.ts` (ciphersuite fan-out) or `test/unit.ts`
  (everything else). Adding a file without adding the import silently
  tests nothing.
- Run one test file in about a second with esbuild plus a suite filter:
  `npx esbuild test/<file>.ts --bundle --platform=node --format=cjs
  --loader:.json=json --keep-names --outfile=.tmp.cjs && \
  MLS_SUITES=MLS_128_DHKEMX25519_AES128GCM_SHA256_Ed25519 node .tmp.cjs`
  Bundling only strips types, so typecheck separately.
- Zeroization has an ownership rule: `fill(0)` only what the current call
  allocated. `ClientState` is functional and node objects are shared
  across state versions, so wiping an input's buffer corrupts a state the
  caller still holds. Pass ownership explicitly when a function cannot
  tell (`ownsSecret` in `src/secret-tree.ts`).
- Any path secret that arrived from someone else (UpdatePath, Welcome)
  must be turned into keys with `toPrivateKeyPath(..., cs, tree)`. The
  fourth argument makes it verify each derived public key against the
  node's advertised `hpkePublicKey`. Only the local commit path
  (`create-commit.ts`) may omit it, since it derived both sides itself.
- Proposal validation inside `applyTreeMutations` (`src/client-state.ts`)
  must run against the accumulating tree, not the pre-mutation
  `ratchetTree` argument, or proposals in one commit never see each
  other. The `update` and `remove` branches still validate against the
  pre-mutation tree; only `add` was in scope for US-005.
- `validateLeafNodeCommon` is the commit-time counterpart of the
  join-time checks in `validateRatchetTree`. Any rule tightened in one
  belongs in the other, otherwise a commit builds a tree the library
  later refuses and every future join fails.
- `validateLeafNodeUpdateOrCommit` is the one entry point for every leaf
  *replacement*: Update proposals (via `applyTreeMutations`), a commit's
  UpdatePath leaf (via `process-messages.ts`), and join-time
  revalidation (via `validateRatchetTree`). All three call it against the
  tree as it stands *before* the new leaf is merged, so the node at
  `leafIndex` is the outgoing one -- except at join time, where the leaf
  under test is already in place.
- `AuthenticationService.validateCredential` takes an optional third
  argument, the credential being replaced. It is `undefined` for Adds,
  external joins at a blank leaf, `external_senders`, and GroupInfo
  signer checks.
- Credential-type support (RFC 9420 7.3) is pairwise and both halves live
  in `validateLeafNodeCommon`: every member must list the new leaf's
  credential type, and the new leaf must list every member's. Only the
  second half skips the leaf's own index, because there the outgoing leaf
  is the one being replaced.
- `package-lock.json` is committed and CI installs with `npm ci`, so a
  dependency change is not real until the lockfile is regenerated and
  committed with `package.json`. `npm audit` is at 0 vulnerabilities; the
  only runtime dependencies are `@hpke/*` and `@noble/*`, so findings are
  almost always dev-chain. `.github/workflows/auto-dependabot.yml` keeps
  `npm install` on purpose.
- A commit that removes the local client leaves its `ClientState` frozen
  at the old epoch -- `processCommit` returns early with the unchanged
  `groupContext` and only flips `groupActiveState`. Every epoch/groupId
  guard therefore still passes on that state, so
  `groupActiveState.kind === 'removedFromGroup'` is the only gate;
  `processPrivateMessage`/`processPublicMessage` check it first.
- Inside `applyProposals` (`src/client-state.ts`), `grouped` deliberately
  omits custom (numeric) proposal types, because they are never applied to
  the tree. Any rule that must also see custom proposals -- the
  `needsUpdatePath` decision, for one -- has to read `allProposals`.
- There are two places a path secret received from someone else is turned
  into a private key path, and they must stay in step:
  `updatePrivateKeyPath` (`src/process-messages.ts`, commit side) and
  `deriveWelcomePrivateKeyPath` (`src/private-key-path.ts`, Welcome side,
  called from `joinGroup`). Both walk the *committer's filtered direct
  path* via `pathSecretsAlongFilteredPath`, verify each derived key
  against the tree, and finish with `pruneBlankedNodes`. Never use
  `pathToRoot` for a received secret -- it walks to the geometric root via
  `findFirstNonBlankAncestor`, which can fold in a node the commit never
  rotated or store a key at a blank index. `pathToRoot` is now only for
  `getCommitSecret`.
- Adds alone carry no UpdatePath, so a group built purely from Add commits
  has blank parent nodes. A test that needs a fully populated tree has to
  follow the adds with empty commits from the relevant leaves.
- Both typechecks currently exit 0:
  `npx tsc -p tsconfig.json --noEmit` and
  `npx tsc -p example-realistic-demo/tsconfig.json --noEmit`.
  `npm run lint` exits 0. Check exit codes, not piped output.
- `npm test` is fully green as of US-024: 45321 tests, 0 failures, exit
  0. Entries before that one report a single failure in
  `test/example/how-to-use.ts` and call it pre-existing and unrelated;
  it was neither, and it is fixed. Do not inherit that excuse -- any
  failure you see now is one you introduced.
- A demo's dev-only gate is verified against the built asset, never
  against the source. `import.meta.env.DEV` is replaced with a literal
  `false` and the block is dropped; a `MODE` comparison is not, and
  `npm run build-example` builds with `--mode staging`. Build, then grep
  the output in `public/assets/` and
  `example-realistic-demo/public/assets/` for the assignment (`=`
  included -- the bare string appears in the `DevTools` copy either way).
- Markdown fences inside a bullet are indented to the bullet's text
  column. At column 0 the fence ends the list, which a diff will not
  show you. `npm run toc` rewrites the README table of contents in
  place; run it after touching a heading.
- Error class is part of the contract. `InternalError` says "this library
  has a bug"; anything reachable from a message a peer or attacker sends
  must be a `ValidationError`. When a low-level invariant guard (the
  `extendRatchetTree` throw in `src/ratchet-tree.ts` is the archetype)
  turns out to be remotely reachable, the fix is a `ValidationError` on
  the path that leads to it, not a softer message on the guard.
- The wire format admits exactly one protocol version (`mls10`), so a
  version mismatch is not constructible by driving the public API -- the
  encoders reject any other name. A test that needs one registers a
  temporary entry in the `protocolVersions` map and deletes it in a
  `finally`. See `test/validation/version-and-last-leaf.ts`.
- A `KeyPackage`'s `version` is covered by its key package ref, so a
  Welcome forged by hand is the only way to give a joiner a key package
  whose version differs from the group's. `extractWelcomeSecret` +
  `encryptGroupInfo` + `encryptGroupSecrets` are all exported and a
  random `joinerSecret` works, because the joiner only has to derive the
  same welcome key the test used. Pair it with a real signed GroupInfo
  from `createGroupInfoWithExternalPubAndRatchetTree` so the signature
  check still passes.

---

## 2026-08-09 - US-001 (security-audit.md C1)

Stopped `src/secret-tree.ts` from zeroizing ratchet secrets that belong to
the caller's still-live `ClientState`.

- `createRatchetResultWithSecret` now takes an `ownsSecret` flag and wipes
  the consumed secret only when this call chain derived it. The send path
  (`consumeRatchet`) and the out-of-order receive path both pass `false`,
  because those secrets are the input tree's own buffers. The in-order
  receive path passes `senderData.generation > ratchet.generation`, which
  is true exactly when `ratchetUntil` allocated a fresh secret rather than
  returning its input.
- `removeOldGenerations` no longer wipes evicted generations. Every buffer
  in `unusedGenerations` was contributed by a prior `GenerationSecret`, so
  it is dropped for the garbage collector instead.

Files changed: `src/secret-tree.ts`, `test/validation/prior-state-reuse.ts`
(new), `test/validation/key-material-retention.ts`, `test/matrix.ts`,
`AGENTS.md`, `specs/prd.json`.

**Learnings for future iterations:**

- Four assertions in `test/validation/key-material-retention.ts` encoded
  the vulnerable behavior ("the superseded secret should be zeroized in
  place"). They were inverted to assert non-mutation rather than deleted;
  the accompanying `test(...)` titles and helper names had to change too,
  since the names described the old contract.
- The buffer a decrypt consumes is the *sender's* leaf in the receiver's
  tree, not the receiver's own leaf. A test probing decrypt-side aliasing
  that watches the receiver's own leaf watches the wrong buffer.
- The C1 bug partly hid itself: after a failed send both peers ratchet
  from all-zero secrets, so their derived keys still agree and the message
  round-trips. Only a peer whose state is still healthy exposes it, which
  is why the regression test decrypts the untampered original from a state
  that never saw the corrupt one.
- `CHANGELOG.md` is generated by `auto-changelog` from commit messages, so
  it is not hand-edited per story.
- `npm test` exits 1 on a pre-existing, unrelated failure:
  `test/example/how-to-use.ts`, "should render an item for each step".
  It calls `HowToUse({ steps: [] })` and expects `SETUP_STEPS.length`
  list items, so it assumes the component falls back to the defaults on
  an empty array while the sibling test asserts a supplied array is used
  verbatim. Verified failing on a clean tree with all of this story's
  changes stashed, so it is not a regression from US-001. It belongs to
  neither this story nor any other in `specs/prd.json`; whoever picks it
  up has to decide whether the fallback or the assertion is wrong.
  Everything else passes: 44487 tests, 44486 pass.

---

## 2026-08-09 - US-002 (security-audit.md H1)

`retainKeysForGenerations: 0` now retains nothing instead of everything.

- `removeOldGenerations` (`src/secret-tree.ts`) gets an early
  `if (max <= 0) return {}`. Without it, `sortedGenerations.slice(-max)`
  was `slice(-0)` === `slice(0)`, which returns the whole array, so a
  limit of 0 kept every skipped generation's secret forever: in-epoch
  forward secrecy lost and unbounded memory growth (up to
  `maximumForwardRatchetSteps`, 200, per received message per leaf).
  This mirrors the guard `removeOldHistoricalReceiverData` already has
  in `src/client-state.ts`.

Files changed: `src/secret-tree.ts`,
`test/validation/key-material-retention.ts`, `AGENTS.md`,
`specs/prd.json`, `progress.log`.

**Learnings for future iterations:**

- The call site gate at `updateUnusedGenerations` is
  `generations.length >= retainGenerationsMax`, which is always true at
  max 0, so the trimmer does get called; the bug was entirely inside the
  slice. Do not "fix" this by changing the gate -- the guard belongs in
  the trimmer, where the empty return is also the correct answer for a
  caller that passes a negative.
- Two tests cover this: a direct `ratchetUntil` at max 0, and a real
  two-member receive where bob joins with a `clientConfig` carrying
  `retainKeysForGenerations: 0` and processes only the 5th of alice's
  messages. The integration one matters because the receive path reads
  the retention config off `state.clientConfig` in
  `src/process-messages.ts:105,132`, not off any argument -- a unit test
  on `ratchetUntil` alone would not catch a regression in that plumbing.
- `joinGroup`'s `clientConfig` is the 8th positional parameter, after an
  optional `resumingFromState`; pass `undefined` for that slot.
- The retained generations after ratcheting to generation 5 with max 2
  are 3 and 4, not 4 and 5: `updateUnusedGenerations` records the
  generation being left behind, so generation 5's secret is the live one
  and is never in `unusedGenerations`.
- Both typechecks and lint still exit 0. `npm test` still exits 1 only on
  the pre-existing, unrelated `test/example/how-to-use.ts` failure
  described in the US-001 entry.

---

## 2026-08-09 - US-003 (security-audit.md M2)

Receivers now check that every key pair they derive from a decrypted path
secret matches the public key the sender advertised for that node.

- `toPrivateKeyPath` (`src/private-key-path.ts`) takes an optional
  `verifyAgainstTree`. When present it exports the derived public key and
  compares it, in constant time, against `getHpkePublicKey` of that node,
  throwing `ValidationError` on a mismatch. Nodes blank in the tree are
  skipped, since `pruneBlankedNodes` drops their keys anyway.
- Both receive paths pass the tree: `updatePrivateKeyPath`
  (`src/process-messages.ts`, the commit path) and
  `deriveUpdatedPrivateKeyPath` (`src/client-state.ts`, the Welcome
  path). `create-commit.ts` deliberately does not -- it derived the
  advertised keys itself, so there is nothing to cross-check.

Files changed: `src/private-key-path.ts`, `src/process-messages.ts`,
`src/client-state.ts`, `test/validation/derived-key-matches-advertised.ts`
(new), `test/matrix.ts`, `progress.log`, `specs/prd.json`.

**Learnings for future iterations:**

- The obvious attack construction does not work. Splicing another
  UpdatePath's `encryptedPathSecret` vectors into a path fails at the
  AEAD, not at the key check: `encryptSecretsForPath` uses the *updated*
  group context as associated data, and that context carries the tree
  hash of the advertised keys. A working malicious commit has to
  re-encrypt the mismatched secret under the advertised tree's own
  context. The test does exactly that with `encryptWithLabel` and
  `encodeGroupContext`.
- The attacker also has to send a confirmation tag that verifies, which
  it can: it runs its own key schedule off the chain it distributed
  (`nextEpochContext` + `initializeEpoch` + `createConfirmationTag`, all
  exported). Without that, the tag check catches the commit for the wrong
  reason and the test would pass against the unfixed code. Confirmed by
  stashing the `src/` changes: pre-fix the poisoned commit is accepted
  with no error at all, which is the silent group split M2 describes.
- The order in `processCommit` matters and is now load-bearing:
  `applyTreeUpdate` (line ~300) runs before `verifyConfirmationTag`
  (line ~333), so the derived-key check is what rejects the commit.
- Building a hostile commit end to end needs only exported pieces:
  `createUpdatePath`, `createContentCommitSignature`,
  `protectPublicMessage`, then `processMessage`. Framing it as a public
  message avoids the sender-data/secret-tree machinery entirely.
- `createCommit(...).commit` is an `MLSMessage`, which `processMessage`
  does not accept; narrow on `wireformat` first.
- The pre-existing root-typecheck error at
  `test/test-vectors/key-schedule.ts(73,9)` documented in `AGENTS.md` no
  longer reproduces: `npx tsc -p tsconfig.json --noEmit` now reports zero
  errors. Left `AGENTS.md` alone rather than editing it on the strength of
  one observation, but the next session that touches it should confirm and
  drop that paragraph.
- `npm test` still exits 1 on the same unrelated pre-existing failure,
  `test/example/how-to-use.ts` "should render an item for each step"
  (44598 tests, 44597 pass). `npm run lint` and both typechecks exit 0.

---

## 2026-08-09 - US-004 (security-audit.md M3)

Narrowed `validateUnmergedLeaves` in `src/client-state.ts` to the rule its
own docstring already described.

- The loop walked the unmerged leaf's *entire* root-ward direct path and
  required every non-blank node on it to list the leaf. RFC 9420 7.9 only
  constrains the nodes strictly between the leaf and the parent currently
  under inspection. `dp` runs leaf-ward to root-ward, so the fix is
  `dp.slice(0, dp.indexOf(toNodeIndex(parentIndex)))`.
- The existing test's assertion message said "in every ancestor
  unmerged_leaves list", which documented the over-strict rule; it now
  says "in every node between it and the parent under inspection".

Files changed: `src/client-state.ts`,
`test/validation/unmerged-leaves-validation.ts`, `specs/prd.json`.

**Learnings for future iterations:**

- Two new tests were added around the fix, not one. The permissive case
  (a non-blank root that omits a leaf its child lists) proves the bug is
  gone; the restrictive case (root lists the leaf, the non-blank node
  between it and the leaf does not) proves the loop still rejects what
  7.9 actually forbids. A slice bug that emptied `between` entirely would
  pass the first test alone.
- Verified red before green: the permissive test failed with
  "non-blank intermediate node must list leaf node in its
  unmerged_leaves" on the unfixed code, and all six assertions pass after.
- `validateUnmergedLeaves` is exported and unit-testable with a
  hand-built `RatchetTree` literal, so no group setup is needed. Parent
  nodes accept empty `hpkePublicKey` / `parentHash` because this function
  never inspects them. Node numbering for a 4-leaf tree: leaves are the
  even indices 0/2/4/6, parents are 1/3/5, root is 3.
- `npx tsc -p tsconfig.json --noEmit` prints the whole file list on this
  repo, so grep for `error TS` and the exit code rather than reading its
  output.
- `npm test` still exits 1 on the same unrelated pre-existing failure,
  `test/example/how-to-use.ts` "should render an item for each step"
  (44655 tests, 44654 pass). `npm run lint` and both typechecks exit 0.

---

## 2026-08-09 - US-005 (security-audit.md M4)

Made the commit-time key-uniqueness check for `Add` proposals as strict
as the join-time check, so a member can no longer commit a tree that
this library's own `validateRatchetTree` rejects.

- `applyTreeMutations` now validates each Add's KeyPackage against the
  tree accumulated so far rather than the pre-mutation `ratchetTree`.
  Two Adds in one commit are therefore compared to each other, and Adds
  are validated against a tree where the commit's Removes have already
  blanked the leaves they free (which is the order RFC 9420 applies
  them in anyway).
- `validateLeafNodeCommon` gained a parent-node comparison. The existing
  `keysAreNotUnique` check only looked at leaves, so an added leaf could
  carry a parent node's `hpkePublicKey`. It returns a distinct message,
  `hpke key matches an existing parent node key`, so a test can tell the
  two failures apart.

Files changed: `src/client-state.ts`,
`test/validation/add-key-uniqueness.ts` (new), `test/matrix.ts`,
`AGENTS.md`, `progress.log`, `specs/prd.json`.

**Learnings for future iterations:**

- Tampering a `KeyPackage` in place is useless for these tests: the leaf
  node signature is verified before any uniqueness check, so the test
  would pass on `CryptoVerificationError` and prove nothing. Re-mint the
  package instead -- `signLeafNodeKeyPackage` then `signKeyPackage`, both
  with the owner's own `privatePackage.signaturePrivateKey`. Keeping the
  attacker's real signature key is also what makes the test exercise the
  encryption-key comparison rather than the signature-key one.
- An add-only commit carries no UpdatePath, so the committer's parent
  nodes stay blank. To get a tree with populated parents, follow the
  batch of Adds with a second, empty `createCommit`, which does force a
  path. `CreateCommitOptions` has no flag to force one directly.
- `npm test` now reports 44663 tests with the same single pre-existing
  failure, `test/example/how-to-use.ts` "should render an item for each
  step" (unrelated to `src/`, see the US-001 entry).
- The root typecheck's one documented pre-existing error
  (`test/test-vectors/key-schedule.ts` TS2769) is gone; both configs now
  exit 0 with no errors. `AGENTS.md` was updated to match.

## 2026-08-09 - US-006 (security-audit.md M5, continuity half)

Gave `AuthenticationService.validateCredential` a third argument,
`priorCredential?:Credential`, so an application can enforce identity
continuity when a leaf is replaced. Before this the service saw only the
incoming credential, so member Bob could send an Update whose
`credential.identity` was `alice` and every peer would attribute Bob's
leaf to Alice from then on.

- `src/authentication-service.ts`: interface and
  `defaultAuthenticationService` take the optional third argument. The
  parameter is optional, so existing two-parameter implementations still
  satisfy the interface and behave exactly as before -- opting in means
  reading the new argument.
- `src/client-state.ts`: `validateLeafNodeCommon` forwards a
  `priorCredential`; `validateLeafNodeUpdateOrCommit` looks it up with a
  new `credentialAtLeaf(tree, leafIndex)` helper. Both the Update-proposal
  call site (`applyTreeMutations`) and the commit-UpdatePath call site
  (`process-messages.ts`) validate against the tree *before* the new leaf
  is merged, so the lookup returns the outgoing credential for free.
- README "Security Considerations" gained a third bullet with a worked
  `AuthenticationService` example and the exact list of when `prior` is
  and is not supplied. `CHANGELOG.md` gained an `Unreleased` section
  recording the signature change.

Files changed: `src/authentication-service.ts`, `src/client-state.ts`,
`test/validation/credential-continuity.ts` (new), `test/matrix.ts`,
`README.md`, `CHANGELOG.md`, `specs/prd.json`.

The reverse RFC 7.3 direction from the same audit finding -- requiring a
new leaf to support credential types already in use -- is US-007 and was
deliberately left alone.

**Learnings for future iterations:**

- `validateLeafNodeUpdateOrCommit` is the single entry point for *both*
  leaf-replacement directions (Update proposal and commit UpdatePath) and
  is also reused by `validateRatchetTree` at join time. At join time the
  leaf being validated is already in the tree, so `priorCredential` comes
  back equal to the credential under test. That self-comparison is
  harmless for a continuity check, but any future rule that must reject
  "prior equals new" would misfire there.
- There is no `signLeafNodeUpdate` export; only `signLeafNodeCommit` and
  `signLeafNodeKeyPackage`. To mint an `update`-source leaf in a test,
  build the TBS by hand and call `signWithLabel(key, 'LeafNodeTBS',
  encodeLeafNodeTBS(tbs), impl.signature)`.
- A hand-built Update leaf needs a *fresh* `hpkePublicKey` (generate a
  throwaway KeyPackage for it), or `validateLeafNodeCommon`'s
  key-uniqueness check rejects it for an unrelated reason and the test
  passes vacuously. Its `signaturePublicKey` may stay the same, since the
  uniqueness scan skips the leaf's own index.
- `createProposal` returns `message:MLSMessage`, a union that includes
  Welcome. `processMessage` takes the narrower public/private union, so a
  test has to narrow on `message.wireformat` before passing it along --
  the existing scenario tests all do this.
- Proposal leaf nodes are *not* validated at receipt (`processProposal`
  only records them in `unappliedProposals`); validation happens when
  someone commits. A test for proposal validation must therefore drive it
  through `createCommit` or `processMessage` on a commit.
- `CHANGELOG.md` is regenerated by `auto-changelog` on `npm version`, so
  the hand-written `Unreleased` section will be replaced at release time
  by the commit-derived list. It is there to satisfy the story's
  documentation criterion in the meantime.
- `npm test` still exits 1 on the same pre-existing, unrelated failure:
  `test/example/how-to-use.ts`, "should render an item for each step".
  44679 tests, 44678 pass.

---

## 2026-08-09 - US-007 (security-audit.md M5, capability half)

Closed the reverse RFC 9420 7.3 direction that US-006 deliberately left
open: a new or replacement leaf must now itself support every credential
type already in use in the group.

- `validateLeafNodeCommon` (`src/client-state.ts`) gained a second
  credential scan next to the existing one. The old check asked "does
  every member support this leaf's credential type"; the new one asks
  "does this leaf support every member's credential type", and returns
  `ValidationError('LeafNode does not support a credential type in use by
  a member of the group')`. Because the check sits in the shared helper it
  covers all three entry points at once: Adds (via
  `validateLeafNodeKeyPackage`, which passes `leafIndex: undefined`),
  Update proposals and commit UpdatePath leaves (via
  `validateLeafNodeUpdateOrCommit`), and join-time revalidation (via
  `validateRatchetTree`).
- The new scan skips the leaf's own index; the old one does not. That
  asymmetry is deliberate -- at `leafIndex` sits the leaf being replaced,
  which will not be a member once the commit applies, and the leaf's own
  credential type is already covered by the first check, which does
  include its index.

Files changed: `src/client-state.ts`,
`test/validation/credential-capability-floor.ts` (new), `test/matrix.ts`,
`AGENTS.md`, `progress.log`, `specs/prd.json`.

**Learnings for future iterations:**

- Verified red first: pre-fix, both the replacement leaf and the Add were
  accepted with no error (1 of 3 assertions passing, and the one that
  passed was the accept-the-good-leaf control). Post-fix all 3 pass.
- That control assertion is what makes the test worth anything. Bob's
  narrowed leaf and Bob's full leaf are identical apart from the
  capability list, so if the narrowed one were rejected for some
  unrelated reason (stale hpke key, bad signature) the full one would be
  rejected too and the test would fail loudly rather than pass vacuously.
- `defaultCapabilities()` advertises `basic` and `x509` plus grease, and
  every test identity uses `basic`. Filtering just `basic` out of a copy
  is therefore the minimal way to build a leaf that violates only this
  rule. Adding a new credential type to the library without also adding
  it to `defaultCapabilities` would now make the first leaf that uses it
  unaddable.
- The RFC test vectors are unaffected: `passive-client-welcome`,
  `passive-client-handling-commit` and `passive-client-random` all still
  pass, which is the evidence that the new rule does not reject
  conformant trees.
- `npm test` still exits 1 on the same pre-existing, unrelated failure:
  `test/example/how-to-use.ts`, "should render an item for each step".
  44691 tests, 44690 pass. `npm run lint` and both typechecks exit 0.

---

## 2026-08-09 - US-008 (security-audit.md H2)

Taught the demo client to tell an entry that is not an MLS message from a
commit that decodes and then fails to process, so one garbage entry no
longer stops every member's queue for ever.

- New `example-realistic-demo/client/malformed-entry.ts`:
  `MalformedEntryError` plus an `isMalformedEntry` predicate. The
  predicate reads a `malformedEntry` tag rather than using `instanceof`,
  so it still answers correctly if the module is ever loaded twice.
- `processEntry` in `client/mls-actions.ts` throws that error from its
  decode step only -- undecodable base64, bytes that are not an
  MLSMessage, and a decodable message carrying the wrong wireformat.
  Everything from `processMessage` onwards throws whatever it throws.
  The base64 decode is inside the guarded region because `atob` throws in
  a browser where node's `Buffer` silently drops bad characters.
- `onError` in `client/delivery-client.ts` now checks `isMalformedEntry`
  *before* the `kind === 'commit'` branch: a malformed entry writes a
  status line, advances the cursor and continues; anything else keeps the
  old fatal-commit semantics.

Interpretation of "recorded as an error": `state.entries` is documented
as holding application entries only and `buildTimeline` renders from it,
so a skipped commit is reported through `state.status` rather than being
pushed into the timeline as a fake message.

Files changed: `example-realistic-demo/client/malformed-entry.ts` (new),
`example-realistic-demo/client/mls-actions.ts`,
`example-realistic-demo/client/delivery-client.ts`,
`example-realistic-demo/AGENTS.md`,
`test/example-realistic-demo/mls-actions.ts`,
`test/example-realistic-demo/delivery-client.ts`, `specs/prd.json`.

**Learnings for future iterations:**

- Both polarities were already half-written: the existing test "a commit
  that will not process stops the queue" throws a plain `Error`, so it
  keeps asserting the fatal path unchanged and is the counterweight to
  the new skip test. The new skip test genuinely fails without the
  `isMalformedEntry` branch -- verified before implementing, cursor 0
  instead of 1 and the queue stopped.
- The `MalformedEntryError` boundary is the risky part of this change in
  the opposite direction: widening it to wrap `processMessage` would turn
  every real desync into a silent skip. Anything touching `processEntry`
  should keep the try around the decode alone.
- `node example-realistic-demo/scripts/probe.mjs` needs a live worker:
  `npm run build:realistic`, then `npm run worker:realistic` in the
  background, then the probe, then kill it. Without the build the last
  check fails on a missing `dist/`. All 23 checks pass; this story
  changed no Worker code.
- `npm test` still exits 1 on the same pre-existing, unrelated failure:
  `test/example/how-to-use.ts`, "should render an item for each step".
  44699 tests, 44698 pass. `npm run lint` and both typechecks exit 0.

---

## 2026-08-09 - US-009 (security-audit.md H3)

Bounded the demo Worker's join requests, the one write a complete
stranger can cause.

- `classifyJoinRequest` in `example-realistic-demo/room-logic.ts` is the
  new rule, pure and unit tested: a 16 KiB ceiling on the key package, a
  cap of 64 distinct pending identities, and a 1000 ms per-socket
  interval. Precedence is size, then rate limit, then cap -- size first
  because it is the one refusal that waiting will never resolve.
- The cap counts rows rather than requests. `pending` is keyed by
  identity, so a repeat request from a queued identity replaces its own
  row and is let through a full queue; refusing it would strand a
  requester whose key package changed behind a queue they are already in.
- `onJoinRequest` in `index.ts` consults it and answers the verdict as
  the error reason. A refusal writes nothing -- not the row, not the
  attachment, not the throttle -- so a refused request cannot itself be
  the storage growth the limits exist to stop.
- The throttle lives in `SocketState` (`lastJoinRequestAt`), so `attach`
  now carries it across every rewrite. Without that, `hello` resets it
  and one `hello` per request is the bypass. `readAttachment` reads it
  the same way it reads `isCreator`: a missing or non-finite value
  becomes null rather than flowing into a comparison.
- Three new `ErrorReason` values: `key-package-too-large`,
  `too-many-pending`, `rate-limited`. Kept apart rather than folded into
  one refusal because they mean different things to the requester. The
  client's `connection.ts` prints any reason verbatim, so it needed no
  change.

Files changed: `example-realistic-demo/room-logic.ts`,
`example-realistic-demo/protocol.ts`, `example-realistic-demo/index.ts`,
`example-realistic-demo/scripts/probe.mjs`,
`example-realistic-demo/AGENTS.md`,
`test/example-realistic-demo/room-logic.ts`,
`test/example-realistic-demo/protocol.ts`, `specs/prd.json`.

**Learnings for future iterations:**

- Rate limiting in this Worker has to be socket-scoped, not
  identity-scoped. Identities are free to mint, so a per-identity limit
  throttles nobody -- and it would also break probe checks 12 and 13,
  which re-request for identity B within a second of each other from
  fresh sockets.
- Anything stored in `SocketState` that must not be resettable by the
  client has to be carried over inside `attach`, which otherwise rebuilds
  the attachment from scratch on every `hello` and every accepted join
  request.
- The probe is the only thing that exercises `index.ts`. Running it takes
  a build plus a Worker: `npm run build:realistic`, then
  `npm run worker:realistic` in the background, then
  `node example-realistic-demo/scripts/probe.mjs`, then kill the Worker.
  All 25 checks pass; 24 and 25 are new.
- `npm test` still exits 1 on the same pre-existing, unrelated failure:
  `test/example/how-to-use.ts`, "should render an item for each step".
  44734 tests, 44733 pass. `npm run lint` and both typechecks exit 0.

---

## 2026-08-09 - US-010 (security-audit.md M1)

Length-bounded every client-supplied string on the realistic demo's wire.

- `example-realistic-demo/protocol.ts` now exports `MAX_IDENTITY_LENGTH`
  (512), `MAX_CREATOR_TOKEN_LENGTH` (128), `MAX_PAYLOAD_LENGTH` (256 KiB)
  and `MAX_WIRE_MESSAGE_LENGTH` (320 KiB), each with the reasoning for
  its size documented beside it. Two private helpers, `isIdentity` and
  `isPayload`, replace the bare `isStr` in `isClientMessage`,
  `isLogEntry`, `isPendingRequest` and `isRoomMessage`, so a string is
  bounded wherever it appears rather than only on ingest.
- `index.ts` checks `raw.length` against `MAX_WIRE_MESSAGE_LENGTH`
  *before* `JSON.parse`. The per-field bounds only apply to a frame that
  has already been parsed, and parsing a multi-megabyte frame is itself
  the cost worth refusing. An oversized frame is answered `bad-message`
  and nothing is persisted.
- Probe check 26 (new) sends an oversized payload and an oversized frame
  from the creator socket -- the one socket where no other gate can
  refuse -- asserts two `bad-message` answers, asserts neither reached
  the log, then sends a payload at exactly the limit and requires it to
  be accepted.

Interpretation of the acceptance criteria: `name` has no bound of its own
because it has no field of its own. Identity on this wire is always the
signature public key; a display name rides inside a key package as a
basic credential, so it is bounded by whatever bounds the key package.
That is recorded in the doc block next to the constants.

Files changed: `example-realistic-demo/protocol.ts`,
`example-realistic-demo/index.ts`,
`example-realistic-demo/scripts/probe.mjs`,
`example-realistic-demo/AGENTS.md`,
`test/example-realistic-demo/protocol.ts`, `specs/prd.json`.

**Learnings for future iterations:**

- A join request's key package is bounded twice on purpose, and the two
  bounds must not be made equal. `protocol.ts` gives it the loose
  `MAX_PAYLOAD_LENGTH` structural wall; `MAX_KEY_PACKAGE_LENGTH` (16 KiB)
  in `room-logic.ts` is the real rule. Tightening the structural one to
  match would turn the named `key-package-too-large` refusal into a bare
  `bad-message` and break probe check 24. The general shape: a structural
  guard should be the outer wall, and the specific handler rule should be
  what a client actually hits, so refusals stay legible.
- The frame wall belongs before `JSON.parse`, not after. Every bound in
  `protocol.ts` is unreachable until the frame is already parsed, so the
  parse itself is the only cost a per-field bound cannot avoid.
- `MAX_WIRE_MESSAGE_LENGTH > MAX_PAYLOAD_LENGTH` is load bearing and has
  its own test. Set the frame wall at or below the payload bound and a
  legal maximum-size payload can never fit inside a legal frame, which
  fails only for the largest messages and so would not show up in
  ordinary use.
- Probe checks that need a socket no other gate refuses should use the
  creator. Check 20's stranger/removed sockets are refused `not-member`
  before a size rule is ever consulted, so an oversized-write check
  written against them would pass with the bound deleted.
- `npm test` still exits 1 on the same pre-existing, unrelated failure:
  `test/example/how-to-use.ts`, "should render an item for each step".

---

## 2026-08-09 - US-011 (security-audit.md M6)

Flipped `defaultLifetimeConfig.validateLifetimeOnReceive` from `false` to
`true`, so a KeyPackage leaf node arriving from a peer has its
`notBefore`/`notAfter` window and its total span checked against the local
clock instead of being accepted unconditionally.

- `src/lifetime-config.ts`: default is now `true`; the docstring describes
  the enforced default and frames `false` as the explicit opt-out (bad
  local clock, interop with peers publishing stale KeyPackages). No
  production code besides the constant changed -- `validateLeafNodeKeyPackage`
  already read the flag on the receive path.
- `test/validation/lifetime-on-receive.ts` (new, registered in
  `test/matrix.ts`): Alice adds Charlie while Charlie's KeyPackage is still
  inside a one-hour window, then `Date.now` is stubbed past `notAfter` and
  Bob processes the commit. Under the default Bob throws
  `ValidationError('Current time not within Lifetime')`; with a
  `ClientConfig` carrying `validateLifetimeOnReceive: false` the same
  commit is accepted. A non-ciphersuite assertion pins the default value
  itself.
- `test/test-vectors/passive-client-scenarios.ts`: the RFC vectors ship
  fixed KeyPackages whose lifetimes expired long ago, so `joinGroup` there
  now passes a `ClientConfig` that opts out explicitly. This was the only
  existing test that depended on the old default.
- Docs: README "Security Considerations" (the lifetime bullet moved out of
  the "must be addressed before shipping" list into a new "Two more
  defaults worth knowing about" list, since it is no longer a permissive
  default), `docs/GLOSSARY.md`, and a `### Changed` entry in
  `CHANGELOG.md` flagging the behavior change and the opt-out snippet.

Files changed: `src/lifetime-config.ts`,
`test/validation/lifetime-on-receive.ts` (new), `test/matrix.ts`,
`test/test-vectors/passive-client-scenarios.ts`, `README.md`,
`docs/GLOSSARY.md`, `CHANGELOG.md`, `specs/prd.json`.

**Learnings for future iterations:**

- A commit's own author can never carry an expired KeyPackage past
  `validateLeafNodeKeyPackage`: `sentByClient` is hardcoded `true` in
  `createCommit` (via `applyProposals`) and `false` in `processCommit`, and
  the lifetime branch is `sentByClient || config.validateLifetimeOnReceive`.
  So a test for the receive path cannot simply mint an already-expired
  KeyPackage -- commit it while valid, then stub `Date.now` before the
  receiving member processes the message.
- `joinGroup`'s `clientConfig` is the 8th parameter, behind optional
  `ratchetTree` and `resumingFromState`; both must be passed (`undefined`
  is fine for the latter) to reach it.
- `validateRatchetTree` runs `validateLeafNodeKeyPackage` over every leaf
  still sourced from `key_package`, so any tightening of lifetime rules
  bites at join time as well as at commit time. That is what broke the RFC
  test vectors, whose recorded lifetimes are years stale -- expect any
  future clock-sensitive rule to need the same explicit opt-out there.
- `defaultLifetime()` spans 2595600 seconds (now-3600 to now+2592000),
  comfortably under the 2628000-second `maximumTotalLifetime`, so the
  stricter default does not reject the library's own key packages.
- `npm test` still exits 1 on the same pre-existing, unrelated failure:
  `test/example/how-to-use.ts`, "should render an item for each step".
  Everything else passes: 44812 of 44813.
---

## 2026-08-09 - US-012 (security-audit.md M7)

Removed the accept-all `AuthenticationService` from the default path, so
credential validation is now a decision the application has to make.

- `src/authentication-service.ts` replaces `defaultAuthenticationService`
  with two named exports. `failClosedAuthenticationService` throws a
  `UsageError` naming the opt-in; `unsafeAcceptAllAuthenticationService`
  is the old accept-all behavior. `defaultClientConfig.authService` is the
  fail-closed one.
- Approach chosen: fail closed *and* keep the accept-all reachable under
  an unmistakable name. Either half alone leaves a gap -- a fail-closed
  default with no named escape hatch pushes people to write their own
  `async () => true`, which is invisible to a reviewer, and renaming
  alone still leaves whatever `defaultClientConfig` carries as the silent
  answer. Throwing rather than returning `false` is deliberate: `false`
  surfaces as `ValidationError('Could not validate credential')`, which
  reads like a rejected peer rather than a missing configuration.
- `src/resumption.ts` was passing no config at all, so `reinit`/`branch`
  reset the resumed group to library defaults and dropped whatever the
  application had configured. All four helpers now carry
  `state.clientConfig` across.
- `src/index.ts` now also exports `defaultClientConfig`; without it a
  consumer cannot spread the defaults to fill in `authService`.

Files changed: `src/authentication-service.ts`, `src/client-config.ts`,
`src/index.ts`, `src/resumption.ts`, `example-shared/demo-client-config.ts`
(new), `example-shared/persistence-storage.ts`, `example/demo-actions.ts`,
`example-realistic-demo/client/mls-actions.ts`,
`test/helpers/client-config.ts` (new),
`test/validation/auth-service-opt-in.ts` (new), `test/matrix.ts`, 55 test
files under `test/scenario/` and `test/validation/`, `README.md`,
`CHANGELOG.md`, `AGENTS.md`, `example-shared/AGENTS.md`,
`specs/prd.json`.

**Learnings for future iterations:**

- The `ClientConfig` reaches the library at exactly three entry points --
  `createGroup`, `joinGroup`, `joinGroupExternal` -- and then travels
  inside `ClientState.clientConfig`. Everything downstream
  (`createCommit`, `processMessage`, the resumption helpers) reads it off
  the state, so a new config field needs no new plumbing, only those
  three call sites.
- Widening a config default is a ~140-call-site edit across
  `test/scenario` and `test/validation`. Each config argument is
  positional and trails optional parameters, so the mechanical form is
  "count the top-level arguments, pad with `undefined`". A short script
  that walks balanced parens is far safer than editing by hand; watch for
  argument lists with a trailing comma, which produce `,,` if the new
  argument is appended blindly.
- `test/helpers/client-config.ts` now holds `testClientConfig` -- the
  defaults plus the accept-all service. Any new test that builds or joins
  a group needs it, or it dies at the first Add with a `UsageError`
  rather than a validation failure.
- The demos share `example-shared/demo-client-config.ts`. It has a second
  reader: `freshClientConfig` in `example-shared/persistence-storage.ts`
  rebuilds the stripped config on restore, so a demo config change that
  misses that function silently restores sessions under different rules.
- `npm test` still exits 1 on the same pre-existing, unrelated failure in
  `test/example/how-to-use.ts`, "should render an item for each step".

## 2026-08-09 - US-013 (security-audit.md M8)

Gated the teaching demo's global-scope handles behind a dev check.

- `example/index.ts` no longer assigns `window.state` or the `DEBUG`
  localStorage key at module top level. Both now live inside
  `if (isDev())`, with a local `isDev()` identical to the one in
  `example-realistic-demo/client/index.ts`, testing `import.meta`'s
  environment record: `.DEV || .MODE !== 'production'`.
- No test was written. The gate lives in a Vite entry module that the
  node suite never imports (it renders into `document.getElementById`
  and reads the Vite build-time environment record at top level), so a
  test would have to test a copy of the code rather than the code.
  Verified by build instead: a `--mode production` build of `example/`
  contains no `window.state`, and the staging build still does.

Files changed: `example/index.ts`, `AGENTS.md`, `specs/prd.json`.

**Learnings for future iterations:**

- `isDev()` is duplicated in both demo entry points rather than shared.
  That is deliberate: `example-shared/` modules are imported by the node
  test suite, where Vite's build-time environment record is undefined,
  so a shared helper would break under esbuild-to-CJS bundling. Keep the
  copy local to each Vite entry.
- `npm run build-example` passes `--mode staging`, so `isDev()` is true
  in the published GitHub Pages build and `window.state` survives there
  by design. The gate protects a real `production` build; do not read a
  `grep window.state public/` hit as a regression.
- `npx vite build --outDir X` resolves `outDir` against the Vite root,
  which is `example/`, not the repo root. A scratch build directory
  lands in `example/` and shows up as untracked -- clean it up.
- The full suite still exits 1 on the same pre-existing, unrelated
  failure in `test/example/how-to-use.ts`, "should render an item for
  each step" (44824 pass, 1 fail).
---

## 2026-08-09 - US-014 (security-audit.md M10, L9)

Made env and key material un-committable, and pinned dev installs so
`npm audit` is reproducible.

- `.gitignore` (M10): `.env` was an exact match, so a `.env.local` or
  `.env.production` was still committable. Added `.env.*` with an
  `!.env.example` negation, plus `*.pem`, `*.key`, `*.p12`, `*.pfx`,
  `*.jks`, `*.keystore`, `id_rsa` and `id_ed25519`. Nothing tracked
  matches any of the new patterns, so this is purely forward-looking.
- `package-lock.json` (L9): generated with `npm install
  --package-lock-only` and committed (lockfileVersion 3). `package.json`
  is unchanged -- no semver range needed widening. `npm ci` from a
  removed `node_modules` succeeds: 477 packages.
- `npm audit` before the fix reproduced the audit's numbers exactly: 7
  vulnerabilities, 3 moderate and 4 high, all dev-chain --
  `brace-expansion` (high, DoS), `js-yaml` 3.x (high, quadratic CPU in
  `!!omap`), `nanoid` via `postcss` (high), `postcss` (moderate,
  sourceMappingURL arbitrary `.map` read), and `undici` via `wrangler` ->
  `miniflare` (high, five advisories). `npm audit fix` cleared all seven
  without `--force`: added 3, changed 30, `found 0 vulnerabilities`. No
  runtime dependency (`@hpke/*`, `@noble/*`) was involved.
- CI now installs with `npm ci` in `.github/workflows/nodejs.yml` (both
  the build/lint job and the five-way test matrix) and in
  `gh-pages.yml`. `auto-dependabot.yml` deliberately keeps `npm install`,
  since resolving newer versions is the whole point of that job.

This is a config task, so no test was written: there is no behavior to
assert beyond the gates themselves (`npm ci`, `npm audit`, lint,
typecheck, full suite), all of which were run.

Files changed: `.gitignore`, `package-lock.json` (new),
`.github/workflows/nodejs.yml`, `.github/workflows/gh-pages.yml`,
`AGENTS.md`, `specs/prd.json`, `progress.log`.

**Learnings for future iterations:**

- `notes/` is in `.gitignore`, so "record it in notes" cannot mean a file
  under `notes/`. `progress.log` is the committed running record; put
  durable findings there and reusable rules in `AGENTS.md`.
- The dependency tree is dev-heavy: 478 packages, of which only
  `@hpke/*` and `@noble/*` ship at runtime, and `package.json` limits the
  published tarball to `dist/*`. A committed lockfile therefore adds no
  publish-time weight.
- `npm audit fix` here needed no `--force` and left `package.json`
  untouched, so the dependency upgrade is invisible to consumers.
  Re-verify with `git diff --stat package.json` before assuming that.
- The root `tsc` invocation sets `listFiles: true` in `tsconfig.json`, so
  it prints every lib and source file it loads. Redirect to a file and
  check the exit code; reading the tail tells you nothing.
- Full suite after the dependency bump: 44825 tests, 44824 pass, 1 fail
  -- still the same pre-existing, unrelated
  `test/example/how-to-use.ts` "should render an item for each step".
  The upgraded toolchain did not change it.
---

## 2026-08-09 - US-015 (security-audit.md L1, L2)

Made every AEAD key/nonce wipe run on the error path, and added the two
sender-data wipes that were missing entirely.

- `src/message-protection.ts`: the content key/nonce wipes in `protect`
  and `unprotectPrivateMessage` moved into a `finally` around the AEAD
  call. Both buffers come from `consumeRatchet` / `ratchetToGeneration`,
  which derive them fresh for the call, so the US-001 ownership rule is
  satisfied.
- `src/private-message.ts`: `encryptSenderData` and `decryptSenderData`
  now wipe their key and nonce, also in a `finally`. Both are expanded
  locally from `senderDataSecret` via `expandWithLabel`, so nothing the
  caller owns is touched.
- `test/validation/aead-key-zeroization.ts` (new, registered in
  `test/matrix.ts`) wraps `cs.hpke.encryptAead` / `decryptAead` in a spy
  that records the buffers it was handed and can reject on a chosen call
  index. Six tests per ciphersuite: content-key wipe on the protect and
  unprotect error paths, and sender-data wipes on the success and error
  paths of both directions. All 12 assertions failed before the fix.

Files changed: `src/message-protection.ts`, `src/private-message.ts`,
`test/validation/aead-key-zeroization.ts` (new), `test/matrix.ts`,
`test/validation/key-material-retention.ts` (comments), `AGENTS.md`,
`specs/prd.json`.

**Learnings for future iterations:**

- Spying on `cs.hpke` is the cheap way to observe key material a function
  never returns: spread the impl, spread `impl.hpke`, override the one
  method, and cast the result to `CiphersuiteImpl`. The recorded
  `Uint8Array` is the same object the callee wipes, so asserting
  `every(b => b === 0)` after the call reads the real buffer.
- Call order distinguishes the two AEAD sites without any extra
  plumbing. `protect` encrypts content first, then sender data;
  `unprotect` decrypts sender data first, then content. Two existing
  tests in `key-material-retention.ts` already relied on this and their
  comments called the sender-data half "out of scope" -- those comments
  were updated rather than left to rot.
- A wipe placed after an `await` is a wipe that a forged ciphertext skips.
  Any `fill(0)` following an AEAD call is a latent finding; `finally` is
  the only correct placement.
- Full suite: 45053 tests, 45052 pass, 1 fail -- still the same
  pre-existing, unrelated `test/example/how-to-use.ts` "should render an
  item for each step". Both typechecks and `npm run lint` exit 0.
---

## 2026-08-09 - US-016 (security-audit.md L3)

A client that a commit removed from the group now refuses all further
inbound traffic instead of processing it against its frozen state.

- Added `throwIfRemovedFromGroup` in `src/process-messages.ts`, called
  first in both `processPrivateMessage` and `processPublicMessage` (so
  `processMessage`, which delegates to them, is covered on both
  wireformats). It throws `ValidationError` when
  `state.groupActiveState.kind === 'removedFromGroup'`.
- `test/validation/removed-from-group.ts` (new, registered in
  `test/matrix.ts`) builds an alice/bob/charlie group, removes bob, then
  feeds the removed state three things: an alternative commit built from
  the same epoch-1 alice state (the fork), a replay of the removing
  commit, and an application message alice sent before the removal.

Files changed: `src/process-messages.ts`,
`test/validation/removed-from-group.ts` (new), `test/matrix.ts`,
`specs/prd.json`.

**Learnings for future iterations:**

- The removal state is frozen, not advanced: `processCommit` returns
  early with the *old* `groupContext` and only flips `groupActiveState`.
  So a removed client's epoch still matches the epoch its peers just
  left, and every ordinary epoch/groupId guard still passes. The
  `groupActiveState` check is the only thing standing between it and a
  fork.
- Before the fix, the two commit cases already threw -- but by accident,
  from the secret tree (`Desired gen in the past`) after bob's handshake
  ratchet had consumed that generation. Only the application message was
  an outright bypass. Asserting on the error *message* rather than just
  "it throws" is what made the difference visible; a bare `t.throws` here
  would have passed against the vulnerable code.
- `createApplicationMessage` returns `{ newState, privateMessage }`, not
  an `MLSMessage`. Wrap it as
  `{ wireformat: 'mls_private_message', privateMessage }` to hand it to
  `processMessage`.
- `t.throws` in tapzero takes an optional `RegExp` as its second
  argument, before the message.
- Full suite: 45069 tests, 45068 pass, 1 fail -- still the same
  pre-existing, unrelated `test/example/how-to-use.ts` "should render an
  item for each step". Both typechecks and `npm run lint` exit 0.
---

## 2026-08-09 - US-017 (security-audit.md L4)

Custom proposals now require an UpdatePath.

- `needsUpdatePath` in `applyProposals` (`src/client-state.ts`) now also
  turns true when any proposal in the commit has a numeric (custom)
  proposal type. RFC 9420 12.4 only exempts add, psk and reinit, so a
  custom-only commit was previously accepted with no path and an all-zero
  commit secret -- a state change with no forward secrecy or PCS.
- New test `test/scenario/custom-proposal-update-path.ts`, registered in
  `test/matrix.ts`. It covers the flag itself, the sending side
  (`createCommit` emits a path for a custom-only commit) and the
  receiving side (a forged pathless custom-only commit is rejected with
  `Update path is required`), plus a sanity pass on the well-formed
  commit.
- Files changed: `src/client-state.ts`, `test/matrix.ts`,
  `test/scenario/custom-proposal-update-path.ts`, `specs/prd.json`,
  `progress.log`.

- **Learnings for future iterations:**
  - `grouped` in `applyProposals` deliberately drops custom proposals
    (they are never applied to the tree), so any rule that must see them
    has to read `allProposals` instead. `needsUpdatePath` was reading
    only `grouped`, which is exactly how L4 slipped in.
  - `process-messages.ts` checks `needsUpdatePath` *before* verifying the
    confirmation tag, so a forged pathless commit in a test fails with
    `ValidationError('Update path is required')` rather than
    `CryptoVerificationError`. A fake confirmation tag is fine in such a
    test; assert on the message with a `RegExp` to keep the two apart.
  - `test/scenario/require-update-path.ts` is the template for
    "forge a pathless commit and expect rejection": build it with
    `createContentCommitSignature` + `createConfirmationTag` +
    `protectPublicMessage`, then feed it to `processPublicMessage`.
  - The existing `test/scenario/custom-proposal.ts` needed no change --
    it commits the custom proposal through `createCommit`, which already
    honours `needsUpdatePath`.
  - Full suite: 45145 tests, 45144 pass, 1 fail -- still the same
    pre-existing, unrelated `test/example/how-to-use.ts` "should render
    an item for each step". `npx tsc -p tsconfig.json --noEmit` and
    `npm run lint` both exit 0.
---

## 2026-08-09 - US-018 (security-audit.md L5)

Joiners now validate the `external_senders` GroupContext extension of the
group they are joining, the same way `createGroup` validates the one it is
handed.

- `validateExternalSenders` in `src/client-state.ts` is now exported and
  documented. Behaviour is unchanged; only its visibility is.
- `joinGroup` (`src/client-state.ts`) runs it against
  `gi.groupContext.extensions`, right after the
  `extensionsSupportedByCapabilities` check and before the tree is
  resolved, so a joiner that does not trust the advertised external
  signer throws before doing any key derivation.
- `joinGroupExternal` (`src/create-commit.ts`) runs it against
  `groupInfo.groupContext.extensions` at the equivalent point, before
  `exportSecret`.
- New test `test/validation/external-senders-join.ts`, registered in
  `test/matrix.ts`. It builds a group whose `external_senders` entry is an
  identity a second `AuthenticationService` refuses, and asserts both join
  paths throw `ValidationError` while a trusting joiner still gets in.

**Learnings for future iterations:**

- `validateExternalSenders` now has three entry points (`createGroup`,
  `joinGroup`, `joinGroupExternal`) plus the commit-time path through
  `validateProposals`. This is the same shape as the
  `validateLeafNodeCommon` / `validateRatchetTree` pairing already noted
  above: a check that exists on one path into the group is only as strong
  as the weakest path that skips it.
- `src/index.ts` lists its exports explicitly rather than re-exporting
  `client-state.js` wholesale, so exporting a helper for cross-module use
  does not widen the public API.
- A test that needs a *selective* `AuthenticationService` builds its own
  `ClientConfig` from `defaultClientConfig` instead of importing
  `testClientConfig`; the helper's own doc comment says so.
- `npx tsc -p tsconfig.json --noEmit` prints a long file listing on
  success in this repo -- check the exit code, not the output.
- Full suite: 45221 tests, 45220 pass, 1 fail -- still the same
  pre-existing, unrelated `test/example/how-to-use.ts` "should render an
  item for each step". Typecheck and `npm run lint` both exit 0.
---

## 2026-08-09 - US-019 (security-audit.md L6)

Aligned the Welcome-side path secret derivation with the commit path.

- Added `deriveWelcomePrivateKeyPath` to `src/private-key-path.ts`. It
  walks the committer's filtered direct path with
  `pathSecretsAlongFilteredPath` -- the same helper
  `updatePrivateKeyPath` in `src/process-messages.ts` uses -- verifies
  each derived key against the tree, and prunes blank node indices with
  `pruneBlankedNodes`.
- `deriveUpdatedPrivateKeyPath` in `src/client-state.ts` now delegates to
  it and takes the committer's leaf index (the GroupInfo signer).
  `pathToRoot` is no longer imported there.
- New test `test/validation/welcome-path-derivation.ts`, registered in
  `test/matrix.ts`.

Files changed: `src/private-key-path.ts`, `src/client-state.ts`,
`test/validation/welcome-path-derivation.ts`, `test/matrix.ts`,
`specs/prd.json`, `progress.log`.

**Learnings for future iterations:**

- The divergence is NOT constructible through the public API, which is
  why the test drives the internal seam with a hand-tampered tree. The
  reasoning, for anyone who wants to re-check it: the two walks differ
  only when a non-blank node sits above the end of the committer's
  filtered direct path, i.e. the node's copath resolution is empty. A
  fully blank right subtree is condensed away by
  `condenseRatchetTreeAfterRemove` -> `stripBlankNodes`, and a fully
  blank left subtree is exactly where the next Add lands
  (`findBlankLeafNodeIndex` scans left to right), which repopulates the
  root's copath. Every remove that empties a subtree also blanks the
  ancestors above it. So an honest committer never produces one; the fix
  is defence in depth against a forged `ratchet_tree`.
- The test builds the divergent shape by blanking nodes 0, 1 and 2 of a
  four-member tree, which leaves leaf 2 with a filtered direct path of
  just node 5. Blanking the root as well covers the second half of L6
  (a key stored at a blank index); leaving it populated covers the
  first (a stale key folded into the derivation, which since M2 throws
  `ValidationError`).
- `deriveWelcomePrivateKeyPath` is exported from `private-key-path.ts`,
  which `src/index.ts` re-exports only the `PrivateKeyPath` *type* from,
  so this does not widen the public API surface.
- Full suite: 45257 tests, 45256 pass, 1 fail -- still the same
  pre-existing, unrelated `test/example/how-to-use.ts` "should render an
  item for each step". Typecheck and `npm run lint` both exit 0.
---

## 2026-08-09 - US-020
- Bounds-checked `decodeReuseGuard` (`src/sender.ts`). It used
  `subarray(offset, offset + 4)`, which clamps silently: a truncated
  buffer produced a 1-3 byte value branded as a length-4 `ReuseGuard`
  while reporting 4 bytes consumed. It now returns `undefined` (the
  decoder failure signal) when the offset is negative or fewer than 4
  bytes remain.
- Tests added to `test/codec/sender-data.ts` (already imported from
  `test/unit.ts`): short buffers at every length 0-3, offset handling
  including the exact-fit case, and `decodeSenderData` over every
  truncation of an encoded `SenderData` from 8 bytes up.
- Files changed: `src/sender.ts`, `test/codec/sender-data.ts`,
  `specs/prd.json`, `progress.log`.
- **Learnings for future iterations:**
  - `Decoder<T>` in `src/codec/tls-decoder.ts` is
    `(b, offset) => [T, number] | undefined`; failure is `undefined`,
    never a throw. `mapDecoders` short-circuits on `undefined`, so a
    single leaf decoder returning `undefined` fails the whole struct --
    no extra plumbing needed at the call site.
  - The numeric decoders in `src/codec/number.ts` get their bounds check
    for free because `DataView.getUintN` throws past the end and they
    catch it. Anything built on `subarray` has no such backstop and must
    check `offset + n > b.length` explicitly. Worth auditing any other
    `subarray`-based decoder the same way.
  - Full suite: 45269 tests, 45268 pass, 1 fail -- still the same
    pre-existing, unrelated `test/example/how-to-use.ts` "should render
    an item for each step". `npx tsc --noEmit` reports zero errors and
    `npm run lint` exits 0.
---

## 2026-08-09 - US-021 (security-audit L10)

Two remote-triggerable errors given the right shape: a protocol-version
check on the Welcome join path, and a `ValidationError` instead of an
`InternalError` when a Remove would empty the ratchet tree.

- `joinGroup` (`src/client-state.ts`) now rejects a Welcome whose
  GroupInfo `groupContext.version` differs from the joiner's own
  `keyPackage.version`, alongside the existing cipher-suite check. The
  committer is supposed to catch this in `validateKeyPackage`, but the
  joiner cannot assume the committer is honest.
- `condenseRatchetTreeAfterRemove` (`src/ratchet-tree.ts`) throws
  `ValidationError('Cannot remove the only remaining leaf of a group')`
  when `stripBlankNodes` leaves nothing. Previously the empty array fell
  through to `extendRatchetTree`, whose `tree[-1] === undefined` guard
  threw `InternalError` -- a library-bug signal for something a peer can
  ask for.
- New tests in `test/validation/version-and-last-leaf.ts`, registered in
  `test/matrix.ts`. Both fail on the pre-fix tree (verified by stashing
  the two source files and re-running).

Files changed: `src/client-state.ts`, `src/ratchet-tree.ts`,
`test/validation/version-and-last-leaf.ts`, `test/matrix.ts`,
`AGENTS.md`, `progress.log`, `specs/prd.json`.

- **Learnings for future iterations:**
  - The reachable path for the empty-tree remove is
    `joinGroupExternal(..., resync = true)` against a single-member
    group: it calls `removeLeafNode` on the sole leaf *before* adding the
    joiner's new leaf. `applyProposals` reaches the same code, but a
    commit cannot get there -- a committer may not remove itself, so in a
    one-member group there is no other leaf to target.
  - Resync matching goes through
    `clientConfig.keyPackageEqualityConfig.compareKeyPackageToLeafNode`,
    which by default compares signature public keys. Reusing a signature
    key across key packages only works on Ed25519
    (`generateKeyPackage`'s `signatureKeyPair` option throws otherwise),
    so a matrix test that needs a resync supplies its own equality config
    comparing credential identity instead.
  - Asserting only `err instanceof ValidationError` on a join-path test
    is nearly worthless: `joinGroup` has a dozen `ValidationError` exits,
    and this test first passed for the wrong reason ("Could not find own
    leaf when processing welcome" fires later in the same function). The
    assertion has to pin the specific error.
  - Full suite: 45307 tests, 45306 pass, 1 fail -- still the same
    pre-existing, unrelated `test/example/how-to-use.ts` "should render
    an item for each step". Both typechecks exit 0 and `npm run lint`
    exits 0.
---

## 2026-08-09 - US-022
- Documented what each padding mode actually hides. `PaddingConfig`,
  `defaultPaddingConfig`, and `byteLengthToPad` in `src/padding-config.ts`
  now carry docstrings that say plainly: `padUntilLength` hides length
  only *below* its floor (at or above it, nothing is padded and the
  length is visible up to constant framing overhead), and `alwaysPad`
  hides no length at all, because ciphertext length stays an affine
  function of plaintext length and an observer just subtracts the
  constant. Both notes say that neither mode hides anything but length:
  epoch, content type, and message timing/rate are always on the wire.
- README `Security Considerations` gained a matching bullet ("Two more
  defaults" became "Three more defaults"), and the `PaddingConfig` entry
  in `docs/GLOSSARY.md` was tightened to match.
- Reflowed `defaultPaddingConfig` and `byteLengthToPad` to fit 80
  columns; behavior is byte-for-byte identical (the `else return` became
  a plain `return` after an early return).
- Files changed: `src/padding-config.ts`, `README.md`,
  `docs/GLOSSARY.md`, `specs/prd.json`, `progress.log`.
- Per execution rule 3 this is a documentation story, so no new test was
  written: there is no behavior change to capture. `test/codec/padding.ts`
  (9 assertions) was run to prove the reflow left `byteLengthToPad`
  intact.
- **Learnings for future iterations:**
  - Padding config lives in exactly three places that must agree:
    `src/padding-config.ts`, the README `Security Considerations`
    section, and the `PaddingConfig` / `Padding` entries in
    `docs/GLOSSARY.md`. The README bullet list there is prefixed by a
    counted lead-in ("Three more defaults worth knowing about"), so
    adding a bullet means editing the count.
  - Full suite: 45307 tests, 45306 pass, 1 fail -- still the same
    pre-existing, unrelated `test/example/how-to-use.ts` "should render
    an item for each step". `npm run lint` and
    `npx tsc -p tsconfig.json --noEmit` both exit 0.
---

## 2026-08-09 - US-023
- Security headers on the realistic demo Worker. `securityHeaders(origin)`
  is a new pure rule in `example-realistic-demo/room-logic.ts` returning
  `Content-Security-Policy`, `X-Frame-Options: DENY` and
  `X-Content-Type-Options: nosniff`. The CSP is `default-src 'none'` with
  `'self'` for script, style, img, font and connect, `'none'` for
  base-uri, form-action and frame-ancestors, plus the request origin's
  own socket source (`ws://localhost:8787`, `wss://<host>` in
  production) named explicitly in `connect-src`.
- `index.ts`: the default export's `fetch` now calls a new `route`
  function and puts the headers on whatever it returns, so there is one
  exit from the Worker. A 101 is passed through untouched. Responses from
  the ASSETS binding and from the Durable Object have immutable headers,
  so the wrapper rebuilds with `new Response(res.body, res)`.
- `wrangler.jsonc`: `run_worker_first` is now `true` (was `["/api/*"]`)
  and the assets binding is named `ASSETS`, so the Worker serves the
  client and can put the headers on the SPA shell and every asset.
  `worker-configuration.d.ts` regenerated.
- Files: `example-realistic-demo/room-logic.ts`,
  `example-realistic-demo/index.ts`,
  `example-realistic-demo/wrangler.jsonc`,
  `example-realistic-demo/worker-configuration.d.ts`,
  `example-realistic-demo/AGENTS.md`,
  `test/example-realistic-demo/room-logic.ts`, `specs/prd.json`.
- **Learnings for future iterations:**
  - Static assets do not reach the Worker unless `run_worker_first` is
    `true`. With the previous `["/api/*"]`, headers set in the Worker
    appear on API replies and on nothing else, which curls green on
    `/api/health` and fails the actual criterion.
  - A response handed back by `env.ASSETS.fetch` or by a Durable Object
    stub has immutable headers. `headers.set` on it throws at runtime,
    not at typecheck; rebuild with `new Response(res.body, res)`.
  - Verification used here, in order: `npm run build:realistic`, then
    `npx wrangler dev -c example-realistic-demo/wrangler.jsonc --port
    8787` in the background, then curl the shell, an asset and
    `/api/health`, then `node example-realistic-demo/scripts/probe.mjs`
    (26/26, exit 0), then a real browser load of :8787 -- a CSP violation
    shows up only there, since the Node suite and the probe never parse
    the header. Zero console messages after creating a room, which also
    proves the socket source is right. Stopped with
    `pkill -f "wrangler dev -c example-realistic-demo"`, confirmed with
    `pgrep -fl example-realistic-demo` (no match).
  - Full suite: 45321 tests, 45320 pass, 1 fail -- still the same
    pre-existing, unrelated `test/example/how-to-use.ts` "should render
    an item for each step". `npm run lint`, `npx tsc -p tsconfig.json
    --noEmit` and `npx tsc -p example-realistic-demo/tsconfig.json
    --noEmit` all exit 0 with no errors.
---

## 2026-08-09 - US-024 (branch wrap-up)

Branch review, security posture docs, and the full gate run. This story
was started in a prior session that left its work uncommitted; that work
is reviewed and included here rather than redone.

**The one real bug on the branch, and it was in a test.** The
`test/example/how-to-use.ts` failure that twenty-three consecutive
progress.log entries wrote off as "pre-existing, unrelated" was neither
of those things in the sense that phrase implies. It was a genuine
mismatch: `HowToUse` declared `steps:SetupStep[]` required, its body
fell back with `steps ?? SETUP_STEPS`, and the test passed `[]` and then
asserted the default's length. `[]` is not `undefined`, so the fallback
never fired. The real caller in `example/multi-device-demo.ts:1312`
renders `<${HowToUse} />` with no prop at all, so the required type was
also just wrong. Fix: the prop is optional, and the test passes no prop.
Verified by mutation -- changing the fallback to `steps ?? []` turns the
assertion red.

That made the branch's first clean full run: **45321 tests, 45321 pass,
0 fail, exit 0**. Every prior entry on this branch reports 1 failure.

Review findings fixed this session (all Minor, all in this session's
diff):

- README: the `validateCredential` example fence sat at column 0 inside
  a bullet list, which ends the list in GFM. The "Identity continuity"
  bullet's example and its trailing `prior` paragraph detached from it,
  and the two bullets after it started a fresh list. Indented to the
  bullet's text column, matching the accept-all example higher in the
  same section.
- README: "All of these throw a `ValidationError` ... Both subclass
  `MlsError`" missed `CodecError`, which `validateExternalSenders`
  returns for an `external_senders` extension that will not decode --
  one of the checks that paragraph is summarising.
- `example-shared/persistence-storage.ts`: the comment on
  `freshClientConfig` claimed a caller "cannot reach back into the
  shared object". It is a shallow spread, so the nested config objects
  are shared. Reworded to say what it actually buys.

Verified rather than assumed, since the docs make falsifiable claims:

- Resolution-status table in `security-audit.md`: 23 findings (C1, H1-H3,
  M1-M8, M10, L1-L10), 22 rows because L1 and L2 were one fix. Counted
  both. Nothing is numbered M9; the audit's own numbering skips it. No
  finding is deliberately left open.
- CHANGELOG's demo numbers against the source: `MAX_PENDING_REQUESTS`
  64, `MAX_KEY_PACKAGE_LENGTH` 16 KiB, `JOIN_REQUEST_INTERVAL_MS` 1000.
- No file outside the historical CHANGELOG and audit text still names
  `defaultAuthenticationService`.
- No em dash or arrow character in any tracked `.md`/`.ts`/`.js`/`.json`.
- `npm run toc` produces no diff, so the README table of contents is
  current.
- Both demo builds, then grepping the built assets for a `window.state`
  assignment finds nothing in `public/assets/` or in
  `example-realistic-demo/public/assets/`. This is the US-013 fix in the
  form that actually ships.
- Security headers curled off the running Worker on both the SPA shell
  and `/api/health`: CSP, `X-Frame-Options: DENY`,
  `X-Content-Type-Options: nosniff` on both.

Files changed: `README.md`, `CHANGELOG.md`, `AGENTS.md`,
`docs/GLOSSARY.md`, `security-audit.md`, `example/index.ts`,
`example-realistic-demo/client/index.ts`, `example-shared/dev-tools.ts`,
`example-shared/how-to-use.ts`, `example-shared/persistence-storage.ts`,
`src/private-key-path.ts`, `test/example/how-to-use.ts`,
`specs/prd.json`, `progress.log`.

Gates: `npm test` 45321/45321, exit 0. `npm run lint` exit 0.
`npx tsc -p tsconfig.json --noEmit` exit 0, zero errors -- the known
TS2769 in `test/test-vectors/key-schedule.ts` that the spec allows for
is no longer reported at all. `npx tsc -p
example-realistic-demo/tsconfig.json --noEmit` exit 0.
`node example-realistic-demo/scripts/probe.mjs` 26/26, exit 0.
`npm run build-example` and `npm run build:realistic` both exit 0.
Worker stopped by repo path with pkill on
`/Users/nick/code/webcrypto-mls/node_modules`, confirmed with `pgrep -fl
"/Users/nick/code/webcrypto-mls"` (no match).

- **Learnings for future iterations:**
  - A failure carried forward as "pre-existing and unrelated" is a claim
    that decays. This one was quoted verbatim through twenty-three
    stories and was a two-line fix in the file it pointed at the whole
    time. Read the failure once before inheriting the label.
  - A fenced code block inside a markdown bullet has to be indented to
    the bullet's text column. At column 0 it terminates the list, and
    the damage is invisible in a diff and invisible in an editor -- it
    shows up only rendered. The README's Security Considerations section
    is almost entirely bullets with examples under them.
  - Verifying a demo build means grepping the built asset, not reading
    the source gate. `import.meta.env.DEV` is replaced with a literal
    `false` and the block is dropped; a `MODE` comparison is not, and
    `npm run build-example` runs `--mode staging`.
  - The order that keeps a >10 minute `npm test` from being the thing
    that runs out the clock: start it in the background against a tree
    already linted and typechecked, review while it runs, then re-run at
    the end only if the review changed behavior. Comment and markdown
    edits do not need a second run; this session did one anyway, because
    the full suite is this story's gate.
  - A heredoc containing backticks and apostrophes can be rewritten
    before the shell sees it. Write the text to a file with the file
    tool and `cat` that onto `progress.log` instead.
---
